Archive member included to satisfy reference by file (symbol)

/Applications/Ac6/SystemWorkbench.app/Contents/Eclipse/plugins/fr.ac6.mcu.externaltools.arm-none.macos64_1.15.0.201708311556/tools/compiler/bin/../lib/gcc/arm-none-eabi/6.3.1/thumb/v7-m/libgcc.a(_arm_addsubdf3.o)
                              src/main.o (__aeabi_f2d)
/Applications/Ac6/SystemWorkbench.app/Contents/Eclipse/plugins/fr.ac6.mcu.externaltools.arm-none.macos64_1.15.0.201708311556/tools/compiler/bin/../lib/gcc/arm-none-eabi/6.3.1/thumb/v7-m/libgcc.a(_arm_cmpdf2.o)
                              src/main.o (__aeabi_dcmplt)
/Applications/Ac6/SystemWorkbench.app/Contents/Eclipse/plugins/fr.ac6.mcu.externaltools.arm-none.macos64_1.15.0.201708311556/tools/compiler/bin/../lib/gcc/arm-none-eabi/6.3.1/thumb/v7-m/libgcc.a(_arm_addsubsf3.o)
                              src/main.o (__aeabi_fsub)
/Applications/Ac6/SystemWorkbench.app/Contents/Eclipse/plugins/fr.ac6.mcu.externaltools.arm-none.macos64_1.15.0.201708311556/tools/compiler/bin/../lib/gcc/arm-none-eabi/6.3.1/thumb/v7-m/libgcc.a(_arm_muldivsf3.o)
                              src/main.o (__aeabi_fmul)
/Applications/Ac6/SystemWorkbench.app/Contents/Eclipse/plugins/fr.ac6.mcu.externaltools.arm-none.macos64_1.15.0.201708311556/tools/compiler/bin/../lib/gcc/arm-none-eabi/6.3.1/thumb/v7-m/libgcc.a(_arm_fixunssfsi.o)
                              src/main.o (__aeabi_f2uiz)
/Applications/Ac6/SystemWorkbench.app/Contents/Eclipse/plugins/fr.ac6.mcu.externaltools.arm-none.macos64_1.15.0.201708311556/tools/compiler/bin/../lib/gcc/arm-none-eabi/6.3.1/../../../../arm-none-eabi/lib/thumb/v7-m/libc.a(lib_a-errno.o)
                              src/syscalls.o (__errno)
/Applications/Ac6/SystemWorkbench.app/Contents/Eclipse/plugins/fr.ac6.mcu.externaltools.arm-none.macos64_1.15.0.201708311556/tools/compiler/bin/../lib/gcc/arm-none-eabi/6.3.1/../../../../arm-none-eabi/lib/thumb/v7-m/libc.a(lib_a-exit.o)
                              /Applications/Ac6/SystemWorkbench.app/Contents/Eclipse/plugins/fr.ac6.mcu.externaltools.arm-none.macos64_1.15.0.201708311556/tools/compiler/bin/../lib/gcc/arm-none-eabi/6.3.1/../../../../arm-none-eabi/lib/thumb/v7-m/crt0.o (exit)
/Applications/Ac6/SystemWorkbench.app/Contents/Eclipse/plugins/fr.ac6.mcu.externaltools.arm-none.macos64_1.15.0.201708311556/tools/compiler/bin/../lib/gcc/arm-none-eabi/6.3.1/../../../../arm-none-eabi/lib/thumb/v7-m/libc.a(lib_a-impure.o)
                              /Applications/Ac6/SystemWorkbench.app/Contents/Eclipse/plugins/fr.ac6.mcu.externaltools.arm-none.macos64_1.15.0.201708311556/tools/compiler/bin/../lib/gcc/arm-none-eabi/6.3.1/../../../../arm-none-eabi/lib/thumb/v7-m/libc.a(lib_a-exit.o) (_global_impure_ptr)
/Applications/Ac6/SystemWorkbench.app/Contents/Eclipse/plugins/fr.ac6.mcu.externaltools.arm-none.macos64_1.15.0.201708311556/tools/compiler/bin/../lib/gcc/arm-none-eabi/6.3.1/../../../../arm-none-eabi/lib/thumb/v7-m/libc.a(lib_a-init.o)
                              /Applications/Ac6/SystemWorkbench.app/Contents/Eclipse/plugins/fr.ac6.mcu.externaltools.arm-none.macos64_1.15.0.201708311556/tools/compiler/bin/../lib/gcc/arm-none-eabi/6.3.1/../../../../arm-none-eabi/lib/thumb/v7-m/crt0.o (__libc_init_array)
/Applications/Ac6/SystemWorkbench.app/Contents/Eclipse/plugins/fr.ac6.mcu.externaltools.arm-none.macos64_1.15.0.201708311556/tools/compiler/bin/../lib/gcc/arm-none-eabi/6.3.1/../../../../arm-none-eabi/lib/thumb/v7-m/libc.a(lib_a-memset.o)
                              /Applications/Ac6/SystemWorkbench.app/Contents/Eclipse/plugins/fr.ac6.mcu.externaltools.arm-none.macos64_1.15.0.201708311556/tools/compiler/bin/../lib/gcc/arm-none-eabi/6.3.1/../../../../arm-none-eabi/lib/thumb/v7-m/crt0.o (memset)
/Applications/Ac6/SystemWorkbench.app/Contents/Eclipse/plugins/fr.ac6.mcu.externaltools.arm-none.macos64_1.15.0.201708311556/tools/compiler/bin/../lib/gcc/arm-none-eabi/6.3.1/../../../../arm-none-eabi/lib/thumb/v7-m/libc.a(lib_a-__call_atexit.o)
                              /Applications/Ac6/SystemWorkbench.app/Contents/Eclipse/plugins/fr.ac6.mcu.externaltools.arm-none.macos64_1.15.0.201708311556/tools/compiler/bin/../lib/gcc/arm-none-eabi/6.3.1/../../../../arm-none-eabi/lib/thumb/v7-m/libc.a(lib_a-exit.o) (__call_exitprocs)
/Applications/Ac6/SystemWorkbench.app/Contents/Eclipse/plugins/fr.ac6.mcu.externaltools.arm-none.macos64_1.15.0.201708311556/tools/compiler/bin/../lib/gcc/arm-none-eabi/6.3.1/../../../../arm-none-eabi/lib/thumb/v7-m/libc.a(lib_a-atexit.o)
                              /Applications/Ac6/SystemWorkbench.app/Contents/Eclipse/plugins/fr.ac6.mcu.externaltools.arm-none.macos64_1.15.0.201708311556/tools/compiler/bin/../lib/gcc/arm-none-eabi/6.3.1/../../../../arm-none-eabi/lib/thumb/v7-m/libc.a(lib_a-__call_atexit.o) (atexit)
[...]
Memory Configuration

Name             Origin             Length             Attributes
FLASH            0x0000000008000000 0x0000000000020000 xr
RAM              0x0000000020000000 0x0000000000005000 xrw
MEMORY_B1        0x0000000060000000 0x0000000000000000 xr
*default*        0x0000000000000000 0xffffffffffffffff

Linker script and memory map

LOAD /Applications/Ac6/SystemWorkbench.app/Contents/Eclipse/plugins/fr.ac6.mcu.externaltools.arm-none.macos64_1.15.0.201708311556/tools/compiler/bin/../lib/gcc/arm-none-eabi/6.3.1/thumb/v7-m/crti.o
LOAD /Applications/Ac6/SystemWorkbench.app/Contents/Eclipse/plugins/fr.ac6.mcu.externaltools.arm-none.macos64_1.15.0.201708311556/tools/compiler/bin/../lib/gcc/arm-none-eabi/6.3.1/thumb/v7-m/crtbegin.o
LOAD /Applications/Ac6/SystemWorkbench.app/Contents/Eclipse/plugins/fr.ac6.mcu.externaltools.arm-none.macos64_1.15.0.201708311556/tools/compiler/bin/../lib/gcc/arm-none-eabi/6.3.1/../../../../arm-none-eabi/lib/thumb/v7-m/crt0.o
LOAD StdPeriph_Driver/src/misc.o
LOAD StdPeriph_Driver/src/stm32f10x_adc.o
LOAD StdPeriph_Driver/src/stm32f10x_bkp.o
LOAD StdPeriph_Driver/src/stm32f10x_can.o
LOAD StdPeriph_Driver/src/stm32f10x_cec.o
LOAD StdPeriph_Driver/src/stm32f10x_crc.o
LOAD StdPeriph_Driver/src/stm32f10x_dac.o
LOAD StdPeriph_Driver/src/stm32f10x_dbgmcu.o
LOAD StdPeriph_Driver/src/stm32f10x_dma.o
LOAD StdPeriph_Driver/src/stm32f10x_exti.o
LOAD StdPeriph_Driver/src/stm32f10x_flash.o
LOAD StdPeriph_Driver/src/stm32f10x_fsmc.o
LOAD StdPeriph_Driver/src/stm32f10x_gpio.o
LOAD StdPeriph_Driver/src/stm32f10x_i2c.o
LOAD StdPeriph_Driver/src/stm32f10x_iwdg.o
LOAD StdPeriph_Driver/src/stm32f10x_pwr.o
LOAD StdPeriph_Driver/src/stm32f10x_rcc.o
LOAD StdPeriph_Driver/src/stm32f10x_rtc.o
LOAD StdPeriph_Driver/src/stm32f10x_sdio.o
LOAD StdPeriph_Driver/src/stm32f10x_spi.o
LOAD StdPeriph_Driver/src/stm32f10x_tim.o
LOAD StdPeriph_Driver/src/stm32f10x_usart.o
LOAD StdPeriph_Driver/src/stm32f10x_wwdg.o
LOAD Utilities/STM32F1xx-Nucleo/stm32f1xx_nucleo.o
LOAD src/main.o
LOAD src/rf_stm32f1_delay.o
LOAD src/rf_stm32f1_led.o
LOAD src/syscalls.o
LOAD src/system_stm32f10x.o
LOAD startup/startup_stm32f10x_md.o
LOAD /Applications/Ac6/SystemWorkbench.app/Contents/Eclipse/plugins/fr.ac6.mcu.externaltools.arm-none.macos64_1.15.0.201708311556/tools/compiler/bin/../lib/gcc/arm-none-eabi/6.3.1/../../../../arm-none-eabi/lib/thumb/v7-m/libm.a
START GROUP
LOAD /Applications/Ac6/SystemWorkbench.app/Contents/Eclipse/plugins/fr.ac6.mcu.externaltools.arm-none.macos64_1.15.0.201708311556/tools/compiler/bin/../lib/gcc/arm-none-eabi/6.3.1/thumb/v7-m/libgcc.a
LOAD /Applications/Ac6/SystemWorkbench.app/Contents/Eclipse/plugins/fr.ac6.mcu.externaltools.arm-none.macos64_1.15.0.201708311556/tools/compiler/bin/../lib/gcc/arm-none-eabi/6.3.1/../../../../arm-none-eabi/lib/thumb/v7-m/libc.a
END GROUP
LOAD /Applications/Ac6/SystemWorkbench.app/Contents/Eclipse/plugins/fr.ac6.mcu.externaltools.arm-none.macos64_1.15.0.201708311556/tools/compiler/bin/../lib/gcc/arm-none-eabi/6.3.1/thumb/v7-m/crtend.o
LOAD /Applications/Ac6/SystemWorkbench.app/Contents/Eclipse/plugins/fr.ac6.mcu.externaltools.arm-none.macos64_1.15.0.201708311556/tools/compiler/bin/../lib/gcc/arm-none-eabi/6.3.1/thumb/v7-m/crtn.o
                0x0000000020005000                _estack = 0x20005000
                0x0000000000000000                _Min_Heap_Size = 0x0
                0x0000000000000100                _Min_Stack_Size = 0x100

.isr_vector     0x0000000008000000      0x10c
                0x0000000008000000                . = ALIGN (0x4)
 *(.isr_vector)
 .isr_vector    0x0000000008000000      0x10c startup/startup_stm32f10x_md.o
                0x0000000008000000                g_pfnVectors
                0x000000000800010c                . = ALIGN (0x4)

.text           0x0000000008000110     0x113c
                0x0000000008000110                . = ALIGN (0x4)
 *(.text)
 .text          0x0000000008000110       0x6c /Applications/Ac6/SystemWorkbench.app/Contents/Eclipse/plugins/fr.ac6.mcu.externaltools.arm-none.macos64_1.15.0.201708311556/tools/compiler/bin/../lib/gcc/arm-none-eabi/6.3.1/thumb/v7-m/crtbegin.o
 .text          0x000000000800017c      0x370 /Applications/Ac6/SystemWorkbench.app/Contents/Eclipse/plugins/fr.ac6.mcu.externaltools.arm-none.macos64_1.15.0.201708311556/tools/compiler/bin/../lib/gcc/arm-none-eabi/6.3.1/thumb/v7-m/libgcc.a(_arm_addsubdf3.o)
                0x000000000800017c                __aeabi_drsub
                0x0000000008000184                __subdf3
                0x0000000008000184                __aeabi_dsub
                0x0000000008000188                __aeabi_dadd
                0x0000000008000188                __adddf3
                0x0000000008000400                __aeabi_ui2d
                0x0000000008000400                __floatunsidf
                0x0000000008000420                __floatsidf
                0x0000000008000420                __aeabi_i2d
                0x0000000008000444                __extendsfdf2
                0x0000000008000444                __aeabi_f2d
                0x0000000008000480                __aeabi_ul2d
                0x0000000008000480                __floatundidf
                0x0000000008000490                __aeabi_l2d
                0x0000000008000490                __floatdidf
 .text          0x00000000080004ec      0x110 /Applications/Ac6/SystemWorkbench.app/Contents/Eclipse/plugins/fr.ac6.mcu.externaltools.arm-none.macos64_1.15.0.201708311556/tools/compiler/bin/../lib/gcc/arm-none-eabi/6.3.1/thumb/v7-m/libgcc.a(_arm_cmpdf2.o)
                0x00000000080004ec                __gedf2
                0x00000000080004ec                __gtdf2
                0x00000000080004f4                __ledf2
                0x00000000080004f4                __ltdf2
                0x00000000080004fc                __cmpdf2
                0x00000000080004fc                __eqdf2
                0x00000000080004fc                __nedf2
                0x0000000008000578                __aeabi_cdrcmple
                0x0000000008000588                __aeabi_cdcmple
                0x0000000008000588                __aeabi_cdcmpeq
                0x0000000008000598                __aeabi_dcmpeq
                0x00000000080005ac                __aeabi_dcmplt
                0x00000000080005c0                __aeabi_dcmple
                0x00000000080005d4                __aeabi_dcmpge
                0x00000000080005e8                __aeabi_dcmpgt
 .text          0x00000000080005fc      0x21c /Applications/Ac6/SystemWorkbench.app/Contents/Eclipse/plugins/fr.ac6.mcu.externaltools.arm-none.macos64_1.15.0.201708311556/tools/compiler/bin/../lib/gcc/arm-none-eabi/6.3.1/thumb/v7-m/libgcc.a(_arm_addsubsf3.o)
                0x00000000080005fc                __aeabi_frsub
                0x0000000008000604                __aeabi_fsub
                0x0000000008000604                __subsf3
                0x0000000008000608                __aeabi_fadd
                0x0000000008000608                __addsf3
                0x0000000008000768                __aeabi_ui2f
                0x0000000008000768                __floatunsisf
                0x0000000008000770                __floatsisf
                0x0000000008000770                __aeabi_i2f
                0x000000000800078c                __aeabi_ul2f
                0x000000000800078c                __floatundisf
                0x000000000800079c                __aeabi_l2f
                0x000000000800079c                __floatdisf
 .text          0x0000000008000818      0x2a0 /Applications/Ac6/SystemWorkbench.app/Contents/Eclipse/plugins/fr.ac6.mcu.externaltools.arm-none.macos64_1.15.0.201708311556/tools/compiler/bin/../lib/gcc/arm-none-eabi/6.3.1/thumb/v7-m/libgcc.a(_arm_muldivsf3.o)
                0x0000000008000818                __mulsf3
                0x0000000008000818                __aeabi_fmul
                0x0000000008000980                __divsf3
                0x0000000008000980                __aeabi_fdiv
 .text          0x0000000008000ab8       0x40 /Applications/Ac6/SystemWorkbench.app/Contents/Eclipse/plugins/fr.ac6.mcu.externaltools.arm-none.macos64_1.15.0.201708311556/tools/compiler/bin/../lib/gcc/arm-none-eabi/6.3.1/thumb/v7-m/libgcc.a(_arm_fixunssfsi.o)
                0x0000000008000ab8                __aeabi_f2uiz
                0x0000000008000ab8                __fixunssfsi
 *(.text*)
 .text.SysTick_CLKSourceConfig
                0x0000000008000af8       0x38 StdPeriph_Driver/src/misc.o
                0x0000000008000af8                SysTick_CLKSourceConfig
 .text.GPIO_Init
                0x0000000008000b30      0x178 StdPeriph_Driver/src/stm32f10x_gpio.o
                0x0000000008000b30                GPIO_Init
 .text.RCC_APB2PeriphClockCmd
                0x0000000008000ca8       0x3c StdPeriph_Driver/src/stm32f10x_rcc.o
                0x0000000008000ca8                RCC_APB2PeriphClockCmd
 .text.button_setup
                0x0000000008000ce4       0x34 src/main.o
 .text.main     0x0000000008000d18       0xc0 src/main.o
                0x0000000008000d18                main
 .text.delay_init
                0x0000000008000dd8       0x4c src/rf_stm32f1_delay.o
                0x0000000008000dd8                delay_init
 .text.delay_us
                0x0000000008000e24       0x68 src/rf_stm32f1_delay.o
                0x0000000008000e24                delay_us
 .text.FM_Led_Init
                0x0000000008000e8c       0x78 src/rf_stm32f1_led.o
                0x0000000008000e8c                FM_Led_Init
 .text.FM_Led_Toggle
                0x0000000008000f04       0x54 src/rf_stm32f1_led.o
                0x0000000008000f04                FM_Led_Toggle
 .text.SystemInit
                0x0000000008000f58       0x68 src/system_stm32f10x.o
                0x0000000008000f58                SystemInit
 .text.SetSysClock
                0x0000000008000fc0       0xb8 src/system_stm32f10x.o
 .text.Reset_Handler
                0x0000000008001078       0x48 startup/startup_stm32f10x_md.o
                0x0000000008001078                Reset_Handler
 .text.Default_Handler
                0x00000000080010c0        0x2 startup/startup_stm32f10x_md.o
                0x00000000080010c0                USBWakeUp_IRQHandler
                0x00000000080010c0                DebugMon_Handler
                0x00000000080010c0                TIM1_CC_IRQHandler
                0x00000000080010c0                HardFault_Handler
                0x00000000080010c0                SysTick_Handler
                0x00000000080010c0                PVD_IRQHandler
                0x00000000080010c0                PendSV_Handler
                0x00000000080010c0                NMI_Handler
                0x00000000080010c0                EXTI3_IRQHandler
                0x00000000080010c0                EXTI0_IRQHandler
                0x00000000080010c0                I2C2_EV_IRQHandler
                0x00000000080010c0                UsageFault_Handler
                0x00000000080010c0                ADC1_2_IRQHandler
                0x00000000080010c0                SPI1_IRQHandler
                0x00000000080010c0                TAMPER_IRQHandler
                0x00000000080010c0                DMA1_Channel4_IRQHandler
                0x00000000080010c0                USART3_IRQHandler
                0x00000000080010c0                RTC_IRQHandler
                0x00000000080010c0                DMA1_Channel7_IRQHandler
                0x00000000080010c0                CAN1_RX1_IRQHandler
                0x00000000080010c0                TIM4_IRQHandler
                0x00000000080010c0                I2C1_EV_IRQHandler
                0x00000000080010c0                DMA1_Channel6_IRQHandler
                0x00000000080010c0                TIM3_IRQHandler
                0x00000000080010c0                RCC_IRQHandler
                0x00000000080010c0                TIM1_TRG_COM_IRQHandler
                0x00000000080010c0                DMA1_Channel1_IRQHandler
                0x00000000080010c0                Default_Handler
                0x00000000080010c0                EXTI15_10_IRQHandler
                0x00000000080010c0                EXTI9_5_IRQHandler
                0x00000000080010c0                SPI2_IRQHandler
                0x00000000080010c0                MemManage_Handler
                0x00000000080010c0                SVC_Handler
                0x00000000080010c0                DMA1_Channel5_IRQHandler
                0x00000000080010c0                EXTI4_IRQHandler
                0x00000000080010c0                USB_LP_CAN1_RX0_IRQHandler
                0x00000000080010c0                USB_HP_CAN1_TX_IRQHandler
                0x00000000080010c0                DMA1_Channel3_IRQHandler
                0x00000000080010c0                TIM1_UP_IRQHandler
                0x00000000080010c0                WWDG_IRQHandler
                0x00000000080010c0                TIM2_IRQHandler
                0x00000000080010c0                TIM1_BRK_IRQHandler
                0x00000000080010c0                EXTI1_IRQHandler
                0x00000000080010c0                RTCAlarm_IRQHandler
                0x00000000080010c0                USART2_IRQHandler
                0x00000000080010c0                I2C2_ER_IRQHandler
                0x00000000080010c0                DMA1_Channel2_IRQHandler
                0x00000000080010c0                CAN1_SCE_IRQHandler
                0x00000000080010c0                FLASH_IRQHandler
                0x00000000080010c0                BusFault_Handler
                0x00000000080010c0                USART1_IRQHandler
                0x00000000080010c0                I2C1_ER_IRQHandler
                0x00000000080010c0                EXTI2_IRQHandler
 *fill*         0x00000000080010c2        0x2 
 .text.__libc_init_array
                0x00000000080010c4       0x50 /Applications/Ac6/SystemWorkbench.app/Contents/Eclipse/plugins/fr.ac6.mcu.externaltools.arm-none.macos64_1.15.0.201708311556/tools/compiler/bin/../lib/gcc/arm-none-eabi/6.3.1/../../../../arm-none-eabi/lib/thumb/v7-m/libc.a(lib_a-init.o)
                0x00000000080010c4                __libc_init_array
 .text.startup.register_fini
                0x0000000008001114       0x14 /Applications/Ac6/SystemWorkbench.app/Contents/Eclipse/plugins/fr.ac6.mcu.externaltools.arm-none.macos64_1.15.0.201708311556/tools/compiler/bin/../lib/gcc/arm-none-eabi/6.3.1/../../../../arm-none-eabi/lib/thumb/v7-m/libc.a(lib_a-__call_atexit.o)
 .text.atexit   0x0000000008001128        0xc /Applications/Ac6/SystemWorkbench.app/Contents/Eclipse/plugins/fr.ac6.mcu.externaltools.arm-none.macos64_1.15.0.201708311556/tools/compiler/bin/../lib/gcc/arm-none-eabi/6.3.1/../../../../arm-none-eabi/lib/thumb/v7-m/libc.a(lib_a-atexit.o)
                0x0000000008001128                atexit
 .text.__libc_fini_array
                0x0000000008001134       0x34 /Applications/Ac6/SystemWorkbench.app/Contents/Eclipse/plugins/fr.ac6.mcu.externaltools.arm-none.macos64_1.15.0.201708311556/tools/compiler/bin/../lib/gcc/arm-none-eabi/6.3.1/../../../../arm-none-eabi/lib/thumb/v7-m/libc.a(lib_a-fini.o)
                0x0000000008001134                __libc_fini_array
 .text.__retarget_lock_acquire_recursive
                0x0000000008001168        0x4 /Applications/Ac6/SystemWorkbench.app/Contents/Eclipse/plugins/fr.ac6.mcu.externaltools.arm-none.macos64_1.15.0.201708311556/tools/compiler/bin/../lib/gcc/arm-none-eabi/6.3.1/../../../../arm-none-eabi/lib/thumb/v7-m/libc.a(lib_a-lock.o)
                0x0000000008001168                __retarget_lock_acquire_recursive
 .text.__retarget_lock_release_recursive
                0x000000000800116c        0x4 /Applications/Ac6/SystemWorkbench.app/Contents/Eclipse/plugins/fr.ac6.mcu.externaltools.arm-none.macos64_1.15.0.201708311556/tools/compiler/bin/../lib/gcc/arm-none-eabi/6.3.1/../../../../arm-none-eabi/lib/thumb/v7-m/libc.a(lib_a-lock.o)
                0x000000000800116c                __retarget_lock_release_recursive
 .text.__register_exitproc
                0x0000000008001170       0xc4 /Applications/Ac6/SystemWorkbench.app/Contents/Eclipse/plugins/fr.ac6.mcu.externaltools.arm-none.macos64_1.15.0.201708311556/tools/compiler/bin/../lib/gcc/arm-none-eabi/6.3.1/../../../../arm-none-eabi/lib/thumb/v7-m/libc.a(lib_a-__atexit.o)
                0x0000000008001170                __register_exitproc
 *(.glue_7)
 .glue_7        0x0000000008001234        0x0 linker stubs
 *(.glue_7t)
 .glue_7t       0x0000000008001234        0x0 linker stubs
 *(.eh_frame)
 .eh_frame      0x0000000008001234        0x0 /Applications/Ac6/SystemWorkbench.app/Contents/Eclipse/plugins/fr.ac6.mcu.externaltools.arm-none.macos64_1.15.0.201708311556/tools/compiler/bin/../lib/gcc/arm-none-eabi/6.3.1/thumb/v7-m/crtbegin.o
 *(.init)
 .init          0x0000000008001234        0x4 /Applications/Ac6/SystemWorkbench.app/Contents/Eclipse/plugins/fr.ac6.mcu.externaltools.arm-none.macos64_1.15.0.201708311556/tools/compiler/bin/../lib/gcc/arm-none-eabi/6.3.1/thumb/v7-m/crti.o
                0x0000000008001234                _init
 .init          0x0000000008001238        0x8 /Applications/Ac6/SystemWorkbench.app/Contents/Eclipse/plugins/fr.ac6.mcu.externaltools.arm-none.macos64_1.15.0.201708311556/tools/compiler/bin/../lib/gcc/arm-none-eabi/6.3.1/thumb/v7-m/crtn.o
 *(.fini)
 .fini          0x0000000008001240        0x4 /Applications/Ac6/SystemWorkbench.app/Contents/Eclipse/plugins/fr.ac6.mcu.externaltools.arm-none.macos64_1.15.0.201708311556/tools/compiler/bin/../lib/gcc/arm-none-eabi/6.3.1/thumb/v7-m/crti.o
                0x0000000008001240                _fini
 .fini          0x0000000008001244        0x8 /Applications/Ac6/SystemWorkbench.app/Contents/Eclipse/plugins/fr.ac6.mcu.externaltools.arm-none.macos64_1.15.0.201708311556/tools/compiler/bin/../lib/gcc/arm-none-eabi/6.3.1/thumb/v7-m/crtn.o
                0x000000000800124c                . = ALIGN (0x4)
                0x000000000800124c                _etext = .

.vfp11_veneer   0x000000000800124c        0x0
 .vfp11_veneer  0x000000000800124c        0x0 linker stubs

.v4_bx          0x000000000800124c        0x0
 .v4_bx         0x000000000800124c        0x0 linker stubs

.iplt           0x000000000800124c        0x0
 .iplt          0x000000000800124c        0x0 /Applications/Ac6/SystemWorkbench.app/Contents/Eclipse/plugins/fr.ac6.mcu.externaltools.arm-none.macos64_1.15.0.201708311556/tools/compiler/bin/../lib/gcc/arm-none-eabi/6.3.1/thumb/v7-m/crtbegin.o

.rodata         0x000000000800124c        0x4
                0x000000000800124c                . = ALIGN (0x4)
 *(.rodata)
 *(.rodata*)
 .rodata._global_impure_ptr
                0x000000000800124c        0x4 /Applications/Ac6/SystemWorkbench.app/Contents/Eclipse/plugins/fr.ac6.mcu.externaltools.arm-none.macos64_1.15.0.201708311556/tools/compiler/bin/../lib/gcc/arm-none-eabi/6.3.1/../../../../arm-none-eabi/lib/thumb/v7-m/libc.a(lib_a-impure.o)
                0x000000000800124c                _global_impure_ptr
                0x0000000008001250                . = ALIGN (0x4)

.rel.dyn        0x0000000008001250        0x0
 .rel.iplt      0x0000000008001250        0x0 /Applications/Ac6/SystemWorkbench.app/Contents/Eclipse/plugins/fr.ac6.mcu.externaltools.arm-none.macos64_1.15.0.201708311556/tools/compiler/bin/../lib/gcc/arm-none-eabi/6.3.1/thumb/v7-m/crtbegin.o

.ARM.extab
 *(.ARM.extab* .gnu.linkonce.armextab.*)

.ARM            0x0000000008001250        0x0
                0x0000000008001250                __exidx_start = .
 *(.ARM.exidx*)
                0x0000000008001250                __exidx_end = .

.preinit_array  0x0000000008001250        0x0
                0x0000000008001250                PROVIDE (__preinit_array_start, .)
 *(.preinit_array*)
                0x0000000008001250                PROVIDE (__preinit_array_end, .)

.init_array     0x0000000008001250        0x8
                0x0000000008001250                PROVIDE (__init_array_start, .)
 *(SORT(.init_array.*))
 .init_array.00000
                0x0000000008001250        0x4 /Applications/Ac6/SystemWorkbench.app/Contents/Eclipse/plugins/fr.ac6.mcu.externaltools.arm-none.macos64_1.15.0.201708311556/tools/compiler/bin/../lib/gcc/arm-none-eabi/6.3.1/../../../../arm-none-eabi/lib/thumb/v7-m/libc.a(lib_a-__call_atexit.o)
 *(.init_array*)
 .init_array    0x0000000008001254        0x4 /Applications/Ac6/SystemWorkbench.app/Contents/Eclipse/plugins/fr.ac6.mcu.externaltools.arm-none.macos64_1.15.0.201708311556/tools/compiler/bin/../lib/gcc/arm-none-eabi/6.3.1/thumb/v7-m/crtbegin.o
                0x0000000008001258                PROVIDE (__init_array_end, .)

.fini_array     0x0000000008001258        0x4
                0x0000000008001258                PROVIDE (__fini_array_start, .)
 *(SORT(.fini_array.*))
 *(.fini_array*)
 .fini_array    0x0000000008001258        0x4 /Applications/Ac6/SystemWorkbench.app/Contents/Eclipse/plugins/fr.ac6.mcu.externaltools.arm-none.macos64_1.15.0.201708311556/tools/compiler/bin/../lib/gcc/arm-none-eabi/6.3.1/thumb/v7-m/crtbegin.o
                0x000000000800125c                PROVIDE (__fini_array_end, .)
                0x000000000800125c                _sidata = LOADADDR (.data)

.data           0x0000000020000000      0x46c load address 0x000000000800125c
                0x0000000020000000                . = ALIGN (0x4)
                0x0000000020000000                _sdata = .
 *(.data)
 .data          0x0000000020000000       0x28 src/rf_stm32f1_led.o
                0x0000000020000000                LED
 .data          0x0000000020000028       0x14 src/system_stm32f10x.o
                0x0000000020000028                SystemCoreClock
                0x000000002000002c                AHBPrescTable
 *(.data*)
 *fill*         0x000000002000003c        0x4 
 .data.impure_data
                0x0000000020000040      0x428 /Applications/Ac6/SystemWorkbench.app/Contents/Eclipse/plugins/fr.ac6.mcu.externaltools.arm-none.macos64_1.15.0.201708311556/tools/compiler/bin/../lib/gcc/arm-none-eabi/6.3.1/../../../../arm-none-eabi/lib/thumb/v7-m/libc.a(lib_a-impure.o)
 .data.__atexit_recursive_mutex
                0x0000000020000468        0x4 /Applications/Ac6/SystemWorkbench.app/Contents/Eclipse/plugins/fr.ac6.mcu.externaltools.arm-none.macos64_1.15.0.201708311556/tools/compiler/bin/../lib/gcc/arm-none-eabi/6.3.1/../../../../arm-none-eabi/lib/thumb/v7-m/libc.a(lib_a-__call_atexit.o)
                0x0000000020000468                __atexit_recursive_mutex
                0x000000002000046c                . = ALIGN (0x4)
                0x000000002000046c                _edata = .

.jcr            0x000000002000046c        0x0 load address 0x00000000080016c8
 .jcr           0x000000002000046c        0x0 /Applications/Ac6/SystemWorkbench.app/Contents/Eclipse/plugins/fr.ac6.mcu.externaltools.arm-none.macos64_1.15.0.201708311556/tools/compiler/bin/../lib/gcc/arm-none-eabi/6.3.1/thumb/v7-m/crtbegin.o

.igot.plt       0x000000002000046c        0x0 load address 0x00000000080016c8
 .igot.plt      0x000000002000046c        0x0 /Applications/Ac6/SystemWorkbench.app/Contents/Eclipse/plugins/fr.ac6.mcu.externaltools.arm-none.macos64_1.15.0.201708311556/tools/compiler/bin/../lib/gcc/arm-none-eabi/6.3.1/thumb/v7-m/crtbegin.o
                0x000000002000046c                . = ALIGN (0x4)

.bss            0x000000002000046c       0x44 load address 0x00000000080016c8
                0x000000002000046c                _sbss = .
                0x000000002000046c                __bss_start__ = _sbss
 *(.bss)
 .bss           0x000000002000046c       0x1c /Applications/Ac6/SystemWorkbench.app/Contents/Eclipse/plugins/fr.ac6.mcu.externaltools.arm-none.macos64_1.15.0.201708311556/tools/compiler/bin/../lib/gcc/arm-none-eabi/6.3.1/thumb/v7-m/crtbegin.o
 .bss           0x0000000020000488        0x4 src/rf_stm32f1_delay.o
 *(.bss*)
 *(COMMON)
 COMMON         0x000000002000048c       0x21 /Applications/Ac6/SystemWorkbench.app/Contents/Eclipse/plugins/fr.ac6.mcu.externaltools.arm-none.macos64_1.15.0.201708311556/tools/compiler/bin/../lib/gcc/arm-none-eabi/6.3.1/../../../../arm-none-eabi/lib/thumb/v7-m/libc.a(lib_a-lock.o)
                0x000000002000048c                __lock___atexit_recursive_mutex
                0x0000000020000490                __lock___arc4random_mutex
                0x0000000020000494                __lock___env_recursive_mutex
                0x0000000020000498                __lock___sinit_recursive_mutex
                0x000000002000049c                __lock___malloc_recursive_mutex
                0x00000000200004a0                __lock___at_quick_exit_mutex
                0x00000000200004a4                __lock___dd_hash_mutex
                0x00000000200004a8                __lock___tz_mutex
                0x00000000200004ac                __lock___sfp_recursive_mutex
                0x00000000200004b0                . = ALIGN (0x4)
 *fill*         0x00000000200004ad        0x3 
                0x00000000200004b0                _ebss = .
                0x00000000200004b0                __bss_end__ = _ebss

._user_heap_stack
                0x00000000200004b0      0x100 load address 0x00000000080016c8
                0x00000000200004b0                . = ALIGN (0x8)
                0x00000000200004b0                PROVIDE (end, .)
                [!provide]                        PROVIDE (_end, .)
                0x00000000200004b0                . = (. + _Min_Heap_Size)
                0x00000000200005b0                . = (. + _Min_Stack_Size)
 *fill*         0x00000000200004b0      0x100 
                0x00000000200005b0                . = ALIGN (0x8)

.memory_b1_text
 *(.mb1text)
 *(.mb1text*)
 *(.mb1rodata)
 *(.mb1rodata*)

/DISCARD/
 libc.a(*)
 libm.a(*)
 libgcc.a(*)

.ARM.attributes
                0x0000000000000000       0x29
 *(.ARM.attributes)
 .ARM.attributes
                0x0000000000000000       0x1d /Applications/Ac6/SystemWorkbench.app/Contents/Eclipse/plugins/fr.ac6.mcu.externaltools.arm-none.macos64_1.15.0.201708311556/tools/compiler/bin/../lib/gcc/arm-none-eabi/6.3.1/thumb/v7-m/crti.o
 .ARM.attributes
                0x000000000000001d       0x2d /Applications/Ac6/SystemWorkbench.app/Contents/Eclipse/plugins/fr.ac6.mcu.externaltools.arm-none.macos64_1.15.0.201708311556/tools/compiler/bin/../lib/gcc/arm-none-eabi/6.3.1/thumb/v7-m/crtbegin.o
 .ARM.attributes
                0x000000000000004a       0x33 StdPeriph_Driver/src/misc.o
 .ARM.attributes
                0x000000000000007d       0x33 StdPeriph_Driver/src/stm32f10x_gpio.o
 .ARM.attributes
                0x00000000000000b0       0x33 StdPeriph_Driver/src/stm32f10x_rcc.o
 .ARM.attributes
                0x00000000000000e3       0x33 src/main.o
 .ARM.attributes
                0x0000000000000116       0x33 src/rf_stm32f1_delay.o
 .ARM.attributes
                0x0000000000000149       0x33 src/rf_stm32f1_led.o
 .ARM.attributes
                0x000000000000017c       0x33 src/system_stm32f10x.o
 .ARM.attributes
                0x00000000000001af       0x21 startup/startup_stm32f10x_md.o
 .ARM.attributes
                0x00000000000001d0       0x1d /Applications/Ac6/SystemWorkbench.app/Contents/Eclipse/plugins/fr.ac6.mcu.externaltools.arm-none.macos64_1.15.0.201708311556/tools/compiler/bin/../lib/gcc/arm-none-eabi/6.3.1/thumb/v7-m/libgcc.a(_arm_addsubdf3.o)
 .ARM.attributes
                0x00000000000001ed       0x1d /Applications/Ac6/SystemWorkbench.app/Contents/Eclipse/plugins/fr.ac6.mcu.externaltools.arm-none.macos64_1.15.0.201708311556/tools/compiler/bin/../lib/gcc/arm-none-eabi/6.3.1/thumb/v7-m/libgcc.a(_arm_cmpdf2.o)
 .ARM.attributes
                0x000000000000020a       0x1d /Applications/Ac6/SystemWorkbench.app/Contents/Eclipse/plugins/fr.ac6.mcu.externaltools.arm-none.macos64_1.15.0.201708311556/tools/compiler/bin/../lib/gcc/arm-none-eabi/6.3.1/thumb/v7-m/libgcc.a(_arm_addsubsf3.o)
 .ARM.attributes
                0x0000000000000227       0x1d /Applications/Ac6/SystemWorkbench.app/Contents/Eclipse/plugins/fr.ac6.mcu.externaltools.arm-none.macos64_1.15.0.201708311556/tools/compiler/bin/../lib/gcc/arm-none-eabi/6.3.1/thumb/v7-m/libgcc.a(_arm_muldivsf3.o)
 .ARM.attributes
                0x0000000000000244       0x1d /Applications/Ac6/SystemWorkbench.app/Contents/Eclipse/plugins/fr.ac6.mcu.externaltools.arm-none.macos64_1.15.0.201708311556/tools/compiler/bin/../lib/gcc/arm-none-eabi/6.3.1/thumb/v7-m/libgcc.a(_arm_fixunssfsi.o)
 .ARM.attributes
                0x0000000000000261       0x2d /Applications/Ac6/SystemWorkbench.app/Contents/Eclipse/plugins/fr.ac6.mcu.externaltools.arm-none.macos64_1.15.0.201708311556/tools/compiler/bin/../lib/gcc/arm-none-eabi/6.3.1/../../../../arm-none-eabi/lib/thumb/v7-m/libc.a(lib_a-impure.o)
 .ARM.attributes
                0x000000000000028e       0x2d /Applications/Ac6/SystemWorkbench.app/Contents/Eclipse/plugins/fr.ac6.mcu.externaltools.arm-none.macos64_1.15.0.201708311556/tools/compiler/bin/../lib/gcc/arm-none-eabi/6.3.1/../../../../arm-none-eabi/lib/thumb/v7-m/libc.a(lib_a-init.o)
 .ARM.attributes
                0x00000000000002bb       0x2d /Applications/Ac6/SystemWorkbench.app/Contents/Eclipse/plugins/fr.ac6.mcu.externaltools.arm-none.macos64_1.15.0.201708311556/tools/compiler/bin/../lib/gcc/arm-none-eabi/6.3.1/../../../../arm-none-eabi/lib/thumb/v7-m/libc.a(lib_a-__call_atexit.o)
 .ARM.attributes
                0x00000000000002e8       0x2d /Applications/Ac6/SystemWorkbench.app/Contents/Eclipse/plugins/fr.ac6.mcu.externaltools.arm-none.macos64_1.15.0.201708311556/tools/compiler/bin/../lib/gcc/arm-none-eabi/6.3.1/../../../../arm-none-eabi/lib/thumb/v7-m/libc.a(lib_a-atexit.o)
 .ARM.attributes
                0x0000000000000315       0x2d /Applications/Ac6/SystemWorkbench.app/Contents/Eclipse/plugins/fr.ac6.mcu.externaltools.arm-none.macos64_1.15.0.201708311556/tools/compiler/bin/../lib/gcc/arm-none-eabi/6.3.1/../../../../arm-none-eabi/lib/thumb/v7-m/libc.a(lib_a-fini.o)
 .ARM.attributes
                0x0000000000000342       0x2d /Applications/Ac6/SystemWorkbench.app/Contents/Eclipse/plugins/fr.ac6.mcu.externaltools.arm-none.macos64_1.15.0.201708311556/tools/compiler/bin/../lib/gcc/arm-none-eabi/6.3.1/../../../../arm-none-eabi/lib/thumb/v7-m/libc.a(lib_a-lock.o)
 .ARM.attributes
                0x000000000000036f       0x2d /Applications/Ac6/SystemWorkbench.app/Contents/Eclipse/plugins/fr.ac6.mcu.externaltools.arm-none.macos64_1.15.0.201708311556/tools/compiler/bin/../lib/gcc/arm-none-eabi/6.3.1/../../../../arm-none-eabi/lib/thumb/v7-m/libc.a(lib_a-__atexit.o)
 .ARM.attributes
                0x000000000000039c       0x1d /Applications/Ac6/SystemWorkbench.app/Contents/Eclipse/plugins/fr.ac6.mcu.externaltools.arm-none.macos64_1.15.0.201708311556/tools/compiler/bin/../lib/gcc/arm-none-eabi/6.3.1/thumb/v7-m/crtn.o
OUTPUT(BlinkOnBoard.elf elf32-littlearm)

.debug_info     0x0000000000000000     0x221d
 .debug_info    0x0000000000000000      0x551 StdPeriph_Driver/src/misc.o
 .debug_info    0x0000000000000551      0x705 StdPeriph_Driver/src/stm32f10x_gpio.o
 .debug_info    0x0000000000000c56      0x8b6 StdPeriph_Driver/src/stm32f10x_rcc.o
 .debug_info    0x000000000000150c      0x285 src/main.o
 .debug_info    0x0000000000001791      0x1f9 src/rf_stm32f1_delay.o
 .debug_info    0x000000000000198a      0x38b src/rf_stm32f1_led.o
 .debug_info    0x0000000000001d15      0x47f src/system_stm32f10x.o
 .debug_info    0x0000000000002194       0x89 startup/startup_stm32f10x_md.o

.debug_abbrev   0x0000000000000000      0xa3a
 .debug_abbrev  0x0000000000000000      0x175 StdPeriph_Driver/src/misc.o
 .debug_abbrev  0x0000000000000175      0x1e0 StdPeriph_Driver/src/stm32f10x_gpio.o
 .debug_abbrev  0x0000000000000355      0x1d2 StdPeriph_Driver/src/stm32f10x_rcc.o
 .debug_abbrev  0x0000000000000527      0x11f src/main.o
 .debug_abbrev  0x0000000000000646       0xfd src/rf_stm32f1_delay.o
 .debug_abbrev  0x0000000000000743      0x17b src/rf_stm32f1_led.o
 .debug_abbrev  0x00000000000008be      0x16a src/system_stm32f10x.o
 .debug_abbrev  0x0000000000000a28       0x12 startup/startup_stm32f10x_md.o

.debug_aranges  0x0000000000000000      0x2e8
 .debug_aranges
                0x0000000000000000       0x40 StdPeriph_Driver/src/misc.o
 .debug_aranges
                0x0000000000000040       0xa8 StdPeriph_Driver/src/stm32f10x_gpio.o
 .debug_aranges
                0x00000000000000e8      0x118 StdPeriph_Driver/src/stm32f10x_rcc.o
 .debug_aranges
                0x0000000000000200       0x28 src/main.o
 .debug_aranges
                0x0000000000000228       0x30 src/rf_stm32f1_delay.o
 .debug_aranges
                0x0000000000000258       0x38 src/rf_stm32f1_led.o
 .debug_aranges
                0x0000000000000290       0x30 src/system_stm32f10x.o
 .debug_aranges
                0x00000000000002c0       0x28 startup/startup_stm32f10x_md.o

.debug_ranges   0x0000000000000000      0x270
 .debug_ranges  0x0000000000000000       0x30 StdPeriph_Driver/src/misc.o
 .debug_ranges  0x0000000000000030       0x98 StdPeriph_Driver/src/stm32f10x_gpio.o
 .debug_ranges  0x00000000000000c8      0x108 StdPeriph_Driver/src/stm32f10x_rcc.o
 .debug_ranges  0x00000000000001d0       0x18 src/main.o
 .debug_ranges  0x00000000000001e8       0x20 src/rf_stm32f1_delay.o
 .debug_ranges  0x0000000000000208       0x28 src/rf_stm32f1_led.o
 .debug_ranges  0x0000000000000230       0x20 src/system_stm32f10x.o
 .debug_ranges  0x0000000000000250       0x20 startup/startup_stm32f10x_md.o

.debug_macro    0x0000000000000000     0xd98b
 .debug_macro   0x0000000000000000      0x1a1 StdPeriph_Driver/src/misc.o
 .debug_macro   0x00000000000001a1      0x8ce StdPeriph_Driver/src/misc.o
 .debug_macro   0x0000000000000a6f       0x5d StdPeriph_Driver/src/misc.o
 .debug_macro   0x0000000000000acc       0x3a StdPeriph_Driver/src/misc.o
 .debug_macro   0x0000000000000b06       0x22 StdPeriph_Driver/src/misc.o
 .debug_macro   0x0000000000000b28       0x87 StdPeriph_Driver/src/misc.o
 .debug_macro   0x0000000000000baf       0x51 StdPeriph_Driver/src/misc.o
 .debug_macro   0x0000000000000c00       0xef StdPeriph_Driver/src/misc.o
 .debug_macro   0x0000000000000cef       0x6a StdPeriph_Driver/src/misc.o
 .debug_macro   0x0000000000000d59      0x1df StdPeriph_Driver/src/misc.o
 .debug_macro   0x0000000000000f38       0x2d StdPeriph_Driver/src/misc.o
 .debug_macro   0x0000000000000f65      0xa8b StdPeriph_Driver/src/misc.o
 .debug_macro   0x00000000000019f0     0x7eb3 StdPeriph_Driver/src/misc.o
 .debug_macro   0x00000000000098a3      0x2e4 StdPeriph_Driver/src/misc.o
 .debug_macro   0x0000000000009b87      0x14a StdPeriph_Driver/src/misc.o
 .debug_macro   0x0000000000009cd1      0x3cf StdPeriph_Driver/src/misc.o
 .debug_macro   0x000000000000a0a0       0xc8 StdPeriph_Driver/src/misc.o
 .debug_macro   0x000000000000a168      0x17b StdPeriph_Driver/src/misc.o
 .debug_macro   0x000000000000a2e3       0xac StdPeriph_Driver/src/misc.o
 .debug_macro   0x000000000000a38f      0x3b0 StdPeriph_Driver/src/misc.o
 .debug_macro   0x000000000000a73f       0x9d StdPeriph_Driver/src/misc.o
 .debug_macro   0x000000000000a7dc      0x2d5 StdPeriph_Driver/src/misc.o
 .debug_macro   0x000000000000aab1      0x279 StdPeriph_Driver/src/misc.o
 .debug_macro   0x000000000000ad2a      0x2ad StdPeriph_Driver/src/misc.o
 .debug_macro   0x000000000000afd7      0x2b4 StdPeriph_Driver/src/misc.o
 .debug_macro   0x000000000000b28b       0x64 StdPeriph_Driver/src/misc.o
 .debug_macro   0x000000000000b2ef       0x82 StdPeriph_Driver/src/misc.o
 .debug_macro   0x000000000000b371      0x3e2 StdPeriph_Driver/src/misc.o
 .debug_macro   0x000000000000b753       0x58 StdPeriph_Driver/src/misc.o
 .debug_macro   0x000000000000b7ab      0x344 StdPeriph_Driver/src/misc.o
 .debug_macro   0x000000000000baef      0x2c4 StdPeriph_Driver/src/misc.o
 .debug_macro   0x000000000000bdb3      0x711 StdPeriph_Driver/src/misc.o
 .debug_macro   0x000000000000c4c4      0x229 StdPeriph_Driver/src/misc.o
 .debug_macro   0x000000000000c6ed       0x34 StdPeriph_Driver/src/misc.o
 .debug_macro   0x000000000000c721       0x35 StdPeriph_Driver/src/misc.o
 .debug_macro   0x000000000000c756       0x86 StdPeriph_Driver/src/misc.o
 .debug_macro   0x000000000000c7dc      0x1ed StdPeriph_Driver/src/stm32f10x_gpio.o
 .debug_macro   0x000000000000c9c9      0x2a7 StdPeriph_Driver/src/stm32f10x_gpio.o
 .debug_macro   0x000000000000cc70      0x2bb StdPeriph_Driver/src/stm32f10x_rcc.o
 .debug_macro   0x000000000000cf2b      0x3dc StdPeriph_Driver/src/stm32f10x_rcc.o
 .debug_macro   0x000000000000d307      0x1ab src/main.o
 .debug_macro   0x000000000000d4b2      0x199 src/rf_stm32f1_delay.o
 .debug_macro   0x000000000000d64b      0x1a3 src/rf_stm32f1_led.o
 .debug_macro   0x000000000000d7ee      0x19d src/system_stm32f10x.o

.debug_line     0x0000000000000000     0x33ba
 .debug_line    0x0000000000000000      0x6c2 StdPeriph_Driver/src/misc.o
 .debug_line    0x00000000000006c2      0x845 StdPeriph_Driver/src/stm32f10x_gpio.o
 .debug_line    0x0000000000000f07      0x941 StdPeriph_Driver/src/stm32f10x_rcc.o
 .debug_line    0x0000000000001848      0x6a6 src/main.o
 .debug_line    0x0000000000001eee      0x6c1 src/rf_stm32f1_delay.o
 .debug_line    0x00000000000025af      0x6ce src/rf_stm32f1_led.o
 .debug_line    0x0000000000002c7d      0x6bf src/system_stm32f10x.o
 .debug_line    0x000000000000333c       0x7e startup/startup_stm32f10x_md.o

.debug_str      0x0000000000000000    0x4fd23
 .debug_str     0x0000000000000000    0x4ea23 StdPeriph_Driver/src/misc.o
                                      0x4eb97 (size before relaxing)
 .debug_str     0x000000000004ea23      0x5c0 StdPeriph_Driver/src/stm32f10x_gpio.o
                                      0x4ef09 (size before relaxing)
 .debug_str     0x000000000004efe3      0xb59 StdPeriph_Driver/src/stm32f10x_rcc.o
                                      0x4f4ef (size before relaxing)
 .debug_str     0x000000000004fb3c       0x5b src/main.o
                                      0x4ea97 (size before relaxing)
 .debug_str     0x000000000004fb97       0x5d src/rf_stm32f1_delay.o
                                      0x4e99c (size before relaxing)
 .debug_str     0x000000000004fbf4       0xa0 src/rf_stm32f1_led.o
                                      0x4eb19 (size before relaxing)
 .debug_str     0x000000000004fc94       0x8f src/system_stm32f10x.o
                                      0x4ea7e (size before relaxing)

.comment        0x0000000000000000       0x7f
 .comment       0x0000000000000000       0x7f StdPeriph_Driver/src/misc.o
                                         0x80 (size before relaxing)
 .comment       0x000000000000007f       0x80 StdPeriph_Driver/src/stm32f10x_gpio.o
 .comment       0x000000000000007f       0x80 StdPeriph_Driver/src/stm32f10x_rcc.o
 .comment       0x000000000000007f       0x80 src/main.o
 .comment       0x000000000000007f       0x80 src/rf_stm32f1_delay.o
 .comment       0x000000000000007f       0x80 src/rf_stm32f1_led.o
 .comment       0x000000000000007f       0x80 src/system_stm32f10x.o

.debug_frame    0x0000000000000000      0xe64
 .debug_frame   0x0000000000000000       0xd8 StdPeriph_Driver/src/misc.o
 .debug_frame   0x00000000000000d8      0x2d0 StdPeriph_Driver/src/stm32f10x_gpio.o
 .debug_frame   0x00000000000003a8      0x4f4 StdPeriph_Driver/src/stm32f10x_rcc.o
 .debug_frame   0x000000000000089c       0x54 src/main.o
 .debug_frame   0x00000000000008f0       0x7c src/rf_stm32f1_delay.o
 .debug_frame   0x000000000000096c       0xa4 src/rf_stm32f1_led.o
 .debug_frame   0x0000000000000a10       0x7c src/system_stm32f10x.o
 .debug_frame   0x0000000000000a8c       0xac /Applications/Ac6/SystemWorkbench.app/Contents/Eclipse/plugins/fr.ac6.mcu.externaltools.arm-none.macos64_1.15.0.201708311556/tools/compiler/bin/../lib/gcc/arm-none-eabi/6.3.1/thumb/v7-m/libgcc.a(_arm_addsubdf3.o)
 .debug_frame   0x0000000000000b38       0xc4 /Applications/Ac6/SystemWorkbench.app/Contents/Eclipse/plugins/fr.ac6.mcu.externaltools.arm-none.macos64_1.15.0.201708311556/tools/compiler/bin/../lib/gcc/arm-none-eabi/6.3.1/thumb/v7-m/libgcc.a(_arm_cmpdf2.o)
 .debug_frame   0x0000000000000bfc       0x4c /Applications/Ac6/SystemWorkbench.app/Contents/Eclipse/plugins/fr.ac6.mcu.externaltools.arm-none.macos64_1.15.0.201708311556/tools/compiler/bin/../lib/gcc/arm-none-eabi/6.3.1/thumb/v7-m/libgcc.a(_arm_addsubsf3.o)
 .debug_frame   0x0000000000000c48       0x38 /Applications/Ac6/SystemWorkbench.app/Contents/Eclipse/plugins/fr.ac6.mcu.externaltools.arm-none.macos64_1.15.0.201708311556/tools/compiler/bin/../lib/gcc/arm-none-eabi/6.3.1/thumb/v7-m/libgcc.a(_arm_muldivsf3.o)
 .debug_frame   0x0000000000000c80       0x24 /Applications/Ac6/SystemWorkbench.app/Contents/Eclipse/plugins/fr.ac6.mcu.externaltools.arm-none.macos64_1.15.0.201708311556/tools/compiler/bin/../lib/gcc/arm-none-eabi/6.3.1/thumb/v7-m/libgcc.a(_arm_fixunssfsi.o)
 .debug_frame   0x0000000000000ca4       0x2c /Applications/Ac6/SystemWorkbench.app/Contents/Eclipse/plugins/fr.ac6.mcu.externaltools.arm-none.macos64_1.15.0.201708311556/tools/compiler/bin/../lib/gcc/arm-none-eabi/6.3.1/../../../../arm-none-eabi/lib/thumb/v7-m/libc.a(lib_a-init.o)
 .debug_frame   0x0000000000000cd0       0x5c /Applications/Ac6/SystemWorkbench.app/Contents/Eclipse/plugins/fr.ac6.mcu.externaltools.arm-none.macos64_1.15.0.201708311556/tools/compiler/bin/../lib/gcc/arm-none-eabi/6.3.1/../../../../arm-none-eabi/lib/thumb/v7-m/libc.a(lib_a-__call_atexit.o)
 .debug_frame   0x0000000000000d2c       0x20 /Applications/Ac6/SystemWorkbench.app/Contents/Eclipse/plugins/fr.ac6.mcu.externaltools.arm-none.macos64_1.15.0.201708311556/tools/compiler/bin/../lib/gcc/arm-none-eabi/6.3.1/../../../../arm-none-eabi/lib/thumb/v7-m/libc.a(lib_a-atexit.o)
 .debug_frame   0x0000000000000d4c       0x34 /Applications/Ac6/SystemWorkbench.app/Contents/Eclipse/plugins/fr.ac6.mcu.externaltools.arm-none.macos64_1.15.0.201708311556/tools/compiler/bin/../lib/gcc/arm-none-eabi/6.3.1/../../../../arm-none-eabi/lib/thumb/v7-m/libc.a(lib_a-fini.o)
 .debug_frame   0x0000000000000d80       0xb0 /Applications/Ac6/SystemWorkbench.app/Contents/Eclipse/plugins/fr.ac6.mcu.externaltools.arm-none.macos64_1.15.0.201708311556/tools/compiler/bin/../lib/gcc/arm-none-eabi/6.3.1/../../../../arm-none-eabi/lib/thumb/v7-m/libc.a(lib_a-lock.o)
 .debug_frame   0x0000000000000e30       0x34 /Applications/Ac6/SystemWorkbench.app/Contents/Eclipse/plugins/fr.ac6.mcu.externaltools.arm-none.macos64_1.15.0.201708311556/tools/compiler/bin/../lib/gcc/arm-none-eabi/6.3.1/../../../../arm-none-eabi/lib/thumb/v7-m/libc.a(lib_a-__atexit.o)
