10:58:18 **** Incremental Build of configuration Debug for project TestSPIprint ****
make -j7 all 
Building file: ../src/main.c
Building file: ../src/stm32f10x_it.c
Building file: ../src/system_stm32f10x.c
Invoking: MCU GCC Compiler
Invoking: MCU GCC Compiler
Invoking: MCU GCC Compiler
/Users/ericfalcon/Documents/workspace/stm32f103/TestSPIprint/Debug
arm-none-eabi-gcc -mcpu=cortex-m3 -mthumb -mfloat-abi=soft -DSTM32 -DSTM32F1 -DSTM32F103RBTx -DNUCLEO_F103RB -DDEBUG -DSTM32F10X_MD -DUSE_STDPERIPH_DRIVER -I"/Users/ericfalcon/Documents/workspace/stm32f103/TestSPIprint/Utilities/STM32F1xx-Nucleo" -I"/Users/ericfalcon/Documents/workspace/stm32f103/TestSPIprint/StdPeriph_Driver/inc" -I"/Users/ericfalcon/Documents/workspace/stm32f103/TestSPIprint/inc" -I"/Users/ericfalcon/Documents/workspace/stm32f103/TestSPIprint/CMSIS/device" -I"/Users/ericfalcon/Documents/workspace/stm32f103/TestSPIprint/CMSIS/core" -O0 -g3 -Wall -fmessage-length=0 -ffunction-sections -c -MMD -MP -MF"src/system_stm32f10x.d" -MT"src/system_stm32f10x.o" -o "src/system_stm32f10x.o" "../src/system_stm32f10x.c"
/Users/ericfalcon/Documents/workspace/stm32f103/TestSPIprint/Debug
arm-none-eabi-gcc -mcpu=cortex-m3 -mthumb -mfloat-abi=soft -DSTM32 -DSTM32F1 -DSTM32F103RBTx -DNUCLEO_F103RB -DDEBUG -DSTM32F10X_MD -DUSE_STDPERIPH_DRIVER -I"/Users/ericfalcon/Documents/workspace/stm32f103/TestSPIprint/Utilities/STM32F1xx-Nucleo" -I"/Users/ericfalcon/Documents/workspace/stm32f103/TestSPIprint/StdPeriph_Driver/inc" -I"/Users/ericfalcon/Documents/workspace/stm32f103/TestSPIprint/inc" -I"/Users/ericfalcon/Documents/workspace/stm32f103/TestSPIprint/CMSIS/device" -I"/Users/ericfalcon/Documents/workspace/stm32f103/TestSPIprint/CMSIS/core" -O0 -g3 -Wall -fmessage-length=0 -ffunction-sections -c -MMD -MP -MF"src/stm32f10x_it.d" -MT"src/stm32f10x_it.o" -o "src/stm32f10x_it.o" "../src/stm32f10x_it.c"
/Users/ericfalcon/Documents/workspace/stm32f103/TestSPIprint/Debug
arm-none-eabi-gcc -mcpu=cortex-m3 -mthumb -mfloat-abi=soft -DSTM32 -DSTM32F1 -DSTM32F103RBTx -DNUCLEO_F103RB -DDEBUG -DSTM32F10X_MD -DUSE_STDPERIPH_DRIVER -I"/Users/ericfalcon/Documents/workspace/stm32f103/TestSPIprint/Utilities/STM32F1xx-Nucleo" -I"/Users/ericfalcon/Documents/workspace/stm32f103/TestSPIprint/StdPeriph_Driver/inc" -I"/Users/ericfalcon/Documents/workspace/stm32f103/TestSPIprint/inc" -I"/Users/ericfalcon/Documents/workspace/stm32f103/TestSPIprint/CMSIS/device" -I"/Users/ericfalcon/Documents/workspace/stm32f103/TestSPIprint/CMSIS/core" -O0 -g3 -Wall -fmessage-length=0 -ffunction-sections -c -MMD -MP -MF"src/main.d" -MT"src/main.o" -o "src/main.o" "../src/main.c"
Finished building: ../src/stm32f10x_it.c
Finished building: ../src/main.c
 
 
Finished building: ../src/system_stm32f10x.c
 
Building target: TestSPIprint.elf
Invoking: MCU GCC Linker
arm-none-eabi-gcc -mcpu=cortex-m3 -mthumb -mfloat-abi=soft -T"/Users/ericfalcon/Documents/workspace/stm32f103/TestSPIprint/LinkerScript.ld" -Wl,-Map=output.map -Wl,--gc-sections -o "TestSPIprint.elf" @"objects.list"   -lm
Finished building target: TestSPIprint.elf
 
/Library/Developer/CommandLineTools/usr/bin/make --no-print-directory post-build
Generating binary and Printing size information:
arm-none-eabi-objcopy -O binary "TestSPIprint.elf" "TestSPIprint.bin"
arm-none-eabi-size "TestSPIprint.elf"
   text	   data	    bss	    dec	    hex	filename
   3488	   1104	    340	   4932	   1344	TestSPIprint.elf
 

10:58:18 Build Finished (took 407ms)

